[INFO] Scanning for projects...
[INFO] 
[INFO] -----------------< com.example:my-study-java-backend >------------------
[INFO] Building my-study-java-backend 0.0.1-SNAPSHOT
[INFO]   from pom.xml
[INFO] --------------------------------[ jar ]---------------------------------
[INFO] 
[INFO] >>> spring-boot:3.1.4:run (default-cli) > test-compile @ my-study-java-backend >>>
[INFO] 
[INFO] --- resources:3.3.1:resources (default-resources) @ my-study-java-backend ---
[INFO] Copying 1 resource from src/main/resources to target/classes
[INFO] Copying 2 resources from src/main/resources to target/classes
[INFO] 
[INFO] --- compiler:3.11.0:compile (default-compile) @ my-study-java-backend ---
[INFO] Changes detected - recompiling the module! :input tree
[INFO] Compiling 19 source files with javac [debug release 17] to target/classes
[INFO] 
[INFO] --- resources:3.3.1:testResources (default-testResources) @ my-study-java-backend ---
[INFO] skip non existing resourceDirectory /Users/wq/workspace/my-study-java/backend/src/test/resources
[INFO] 
[INFO] --- compiler:3.11.0:testCompile (default-testCompile) @ my-study-java-backend ---
[INFO] Changes detected - recompiling the module! :dependency
[INFO] Compiling 2 source files with javac [debug release 17] to target/test-classes
[INFO] 
[INFO] <<< spring-boot:3.1.4:run (default-cli) < test-compile @ my-study-java-backend <<<
[INFO] 
[INFO] 
[INFO] --- spring-boot:3.1.4:run (default-cli) @ my-study-java-backend ---
[INFO] Attaching agents: []

  .   ____          _            __ _ _
 /\\ / ___'_ __ _ _(_)_ __  __ _ \ \ \ \
( ( )\___ | '_ | '_| | '_ \/ _` | \ \ \ \
 \\/  ___)| |_)| | | | | || (_| |  ) ) ) )
  '  |____| .__|_| |_|_| |_\__, | / / / /
 =========|_|==============|___/=/_/_/_/
 :: Spring Boot ::                (v3.1.4)

2026-03-15T20:23:28.757+08:00  INFO 28678 --- [           main] com.example.library.LibraryApplication   : Starting LibraryApplication using Java 17.0.18 with PID 28678 (/Users/wq/workspace/my-study-java/backend/target/classes started by wq in /Users/wq/workspace/my-study-java/backend)
2026-03-15T20:23:28.759+08:00 DEBUG 28678 --- [           main] com.example.library.LibraryApplication   : Running with Spring Boot v3.1.4, Spring v6.0.12
2026-03-15T20:23:28.759+08:00  INFO 28678 --- [           main] com.example.library.LibraryApplication   : No active profile set, falling back to 1 default profile: "default"
2026-03-15T20:23:29.014+08:00  INFO 28678 --- [           main] .s.d.r.c.RepositoryConfigurationDelegate : Bootstrapping Spring Data JPA repositories in DEFAULT mode.
2026-03-15T20:23:29.035+08:00  INFO 28678 --- [           main] .s.d.r.c.RepositoryConfigurationDelegate : Finished Spring Data repository scanning in 18 ms. Found 2 JPA repository interfaces.
2026-03-15T20:23:29.232+08:00  INFO 28678 --- [           main] o.s.b.w.embedded.tomcat.TomcatWebServer  : Tomcat initialized with port(s): 8080 (http)
2026-03-15T20:23:29.236+08:00  INFO 28678 --- [           main] o.apache.catalina.core.StandardService   : Starting service [Tomcat]
2026-03-15T20:23:29.236+08:00  INFO 28678 --- [           main] o.apache.catalina.core.StandardEngine    : Starting Servlet engine: [Apache Tomcat/10.1.13]
2026-03-15T20:23:29.276+08:00  INFO 28678 --- [           main] o.a.c.c.C.[Tomcat].[localhost].[/]       : Initializing Spring embedded WebApplicationContext
2026-03-15T20:23:29.276+08:00  INFO 28678 --- [           main] w.s.c.ServletWebServerApplicationContext : Root WebApplicationContext: initialization completed in 492 ms
2026-03-15T20:23:29.296+08:00 DEBUG 28678 --- [           main] c.example.library.filter.LoggingFilter   : Filter 'loggingFilter' configured for use
2026-03-15T20:23:29.316+08:00  INFO 28678 --- [           main] com.zaxxer.hikari.HikariDataSource       : HikariPool-1 - Starting...
2026-03-15T20:23:29.371+08:00  INFO 28678 --- [           main] com.zaxxer.hikari.pool.HikariPool        : HikariPool-1 - Added connection org.postgresql.jdbc.PgConnection@1b13467c
2026-03-15T20:23:29.371+08:00  INFO 28678 --- [           main] com.zaxxer.hikari.HikariDataSource       : HikariPool-1 - Start completed.
2026-03-15T20:23:29.402+08:00  INFO 28678 --- [           main] o.hibernate.jpa.internal.util.LogHelper  : HHH000204: Processing PersistenceUnitInfo [name: default]
2026-03-15T20:23:29.426+08:00  INFO 28678 --- [           main] org.hibernate.Version                    : HHH000412: Hibernate ORM core version 6.2.9.Final
2026-03-15T20:23:29.427+08:00  INFO 28678 --- [           main] org.hibernate.cfg.Environment            : HHH000406: Using bytecode reflection optimizer
2026-03-15T20:23:29.473+08:00  INFO 28678 --- [           main] o.h.b.i.BytecodeProviderInitiator        : HHH000021: Bytecode provider name : bytebuddy
2026-03-15T20:23:29.524+08:00  INFO 28678 --- [           main] o.s.o.j.p.SpringPersistenceUnitInfo      : No LoadTimeWeaver setup: ignoring JPA class transformer
2026-03-15T20:23:29.616+08:00  INFO 28678 --- [           main] o.h.b.i.BytecodeProviderInitiator        : HHH000021: Bytecode provider name : bytebuddy
2026-03-15T20:23:29.854+08:00  INFO 28678 --- [           main] o.h.e.t.j.p.i.JtaPlatformInitiator       : HHH000490: Using JtaPlatform implementation: [org.hibernate.engine.transaction.jta.platform.internal.NoJtaPlatform]
2026-03-15T20:23:29.881+08:00  INFO 28678 --- [           main] j.LocalContainerEntityManagerFactoryBean : Initialized JPA EntityManagerFactory for persistence unit 'default'
2026-03-15T20:23:30.020+08:00  WARN 28678 --- [           main] JpaBaseConfiguration$JpaWebConfiguration : spring.jpa.open-in-view is enabled by default. Therefore, database queries may be performed during view rendering. Explicitly configure spring.jpa.open-in-view to disable this warning
2026-03-15T20:23:30.202+08:00  INFO 28678 --- [           main] o.s.b.w.embedded.tomcat.TomcatWebServer  : Tomcat started on port(s): 8080 (http) with context path ''
2026-03-15T20:23:30.206+08:00  INFO 28678 --- [           main] com.example.library.LibraryApplication   : Started LibraryApplication in 1.581 seconds (process running for 1.716)
2026-03-15T20:23:30.207+08:00  INFO 28678 --- [           main] c.example.library.config.MyBatisChecker  : MyBatis mappers detected: [bookMapper]
2026-03-15T20:23:33.923+08:00  INFO 28678 --- [nio-8080-exec-1] o.a.c.c.C.[Tomcat].[localhost].[/]       : Initializing Spring DispatcherServlet 'dispatcherServlet'
2026-03-15T20:23:33.923+08:00  INFO 28678 --- [nio-8080-exec-1] o.s.web.servlet.DispatcherServlet        : Initializing Servlet 'dispatcherServlet'
2026-03-15T20:23:33.923+08:00  INFO 28678 --- [nio-8080-exec-1] o.s.web.servlet.DispatcherServlet        : Completed initialization in 0 ms
2026-03-15T20:23:33.943+08:00 DEBUG 28678 --- [nio-8080-exec-1] c.e.library.controller.BookController    : GET /api/books - page=0 size=5
2026-03-15T20:23:34.079+08:00  INFO 28678 --- [nio-8080-exec-1] c.example.library.filter.LoggingFilter   : GET /api/books -> 200 (154 ms)
2026-03-15T20:23:34.085+08:00 DEBUG 28678 --- [nio-8080-exec-2] c.e.library.controller.BookController    : GET /api/books - page=0 size=5
2026-03-15T20:23:34.091+08:00  INFO 28678 --- [nio-8080-exec-2] c.example.library.filter.LoggingFilter   : GET /api/books -> 200 (7 ms)
2026-03-15T20:23:41.745+08:00 DEBUG 28678 --- [nio-8080-exec-3] c.e.library.controller.BookController    : GET /api/books - page=0 size=5
2026-03-15T20:23:41.751+08:00  INFO 28678 --- [nio-8080-exec-3] c.example.library.filter.LoggingFilter   : GET /api/books -> 200 (7 ms)
2026-03-15T20:23:41.757+08:00 DEBUG 28678 --- [nio-8080-exec-4] c.e.library.controller.BookController    : GET /api/books - page=0 size=5
2026-03-15T20:23:41.763+08:00  INFO 28678 --- [nio-8080-exec-4] c.example.library.filter.LoggingFilter   : GET /api/books -> 200 (7 ms)
2026-03-15T20:23:46.623+08:00 DEBUG 28678 --- [nio-8080-exec-5] c.e.library.controller.BookController    : GET /api/books - page=0 size=5
2026-03-15T20:23:46.628+08:00  INFO 28678 --- [nio-8080-exec-5] c.example.library.filter.LoggingFilter   : GET /api/books -> 200 (6 ms)
2026-03-15T20:23:46.636+08:00 DEBUG 28678 --- [nio-8080-exec-6] c.e.library.controller.BookController    : GET /api/books - page=0 size=5
2026-03-15T20:23:46.645+08:00  INFO 28678 --- [nio-8080-exec-6] c.example.library.filter.LoggingFilter   : GET /api/books -> 200 (10 ms)
2026-03-15T20:23:51.366+08:00  INFO 28678 --- [nio-8080-exec-7] c.example.library.filter.LoggingFilter   : GET /api/history -> 200 (23 ms)
2026-03-15T20:23:51.378+08:00  INFO 28678 --- [nio-8080-exec-8] c.example.library.filter.LoggingFilter   : GET /api/history -> 200 (8 ms)
2026-03-15T20:23:53.735+08:00 DEBUG 28678 --- [nio-8080-exec-9] c.e.library.controller.BookController    : GET /api/books - page=0 size=5
2026-03-15T20:23:53.740+08:00  INFO 28678 --- [nio-8080-exec-9] c.example.library.filter.LoggingFilter   : GET /api/books -> 200 (6 ms)
2026-03-15T20:23:53.747+08:00 DEBUG 28678 --- [io-8080-exec-10] c.e.library.controller.BookController    : GET /api/books - page=0 size=5
2026-03-15T20:23:53.773+08:00  INFO 28678 --- [io-8080-exec-10] c.example.library.filter.LoggingFilter   : GET /api/books -> 200 (29 ms)
2026-03-15T20:24:08.147+08:00 DEBUG 28678 --- [nio-8080-exec-1] c.e.library.controller.BookController    : POST /api/books - payload title='苹果' author='ww' number=1
2026-03-15T20:24:08.166+08:00  INFO 28678 --- [nio-8080-exec-1] c.e.library.controller.BookController    : uri: http://localhost:8080/api/books/25
2026-03-15T20:24:08.168+08:00  INFO 28678 --- [nio-8080-exec-1] c.example.library.filter.LoggingFilter   : POST /api/books -> 201 (58 ms)
2026-03-15T20:24:08.176+08:00 DEBUG 28678 --- [nio-8080-exec-2] c.e.library.controller.BookController    : GET /api/books - page=0 size=5
2026-03-15T20:24:08.182+08:00  INFO 28678 --- [nio-8080-exec-2] c.example.library.filter.LoggingFilter   : GET /api/books -> 200 (6 ms)
2026-03-15T20:24:10.701+08:00  INFO 28678 --- [nio-8080-exec-3] c.example.library.filter.LoggingFilter   : GET /api/history -> 200 (7 ms)
2026-03-15T20:24:10.751+08:00  INFO 28678 --- [nio-8080-exec-4] c.example.library.filter.LoggingFilter   : GET /api/history -> 200 (17 ms)
2026-03-15T20:24:15.640+08:00 DEBUG 28678 --- [nio-8080-exec-5] c.e.library.controller.BookController    : GET /api/books - page=0 size=5
2026-03-15T20:24:15.646+08:00  INFO 28678 --- [nio-8080-exec-5] c.example.library.filter.LoggingFilter   : GET /api/books -> 200 (6 ms)
2026-03-15T20:24:15.651+08:00 DEBUG 28678 --- [nio-8080-exec-6] c.e.library.controller.BookController    : GET /api/books - page=0 size=5
2026-03-15T20:24:15.658+08:00  INFO 28678 --- [nio-8080-exec-6] c.example.library.filter.LoggingFilter   : GET /api/books -> 200 (8 ms)
2026-03-15T20:24:20.606+08:00 DEBUG 28678 --- [nio-8080-exec-7] c.e.library.controller.BookController    : PUT /api/books/25 - payload title='苹果' author='ww'
2026-03-15T20:24:20.629+08:00  INFO 28678 --- [nio-8080-exec-7] c.example.library.filter.LoggingFilter   : PUT /api/books/25 -> 200 (26 ms)
2026-03-15T20:24:20.633+08:00 DEBUG 28678 --- [nio-8080-exec-8] c.e.library.controller.BookController    : GET /api/books - page=0 size=5
2026-03-15T20:24:20.637+08:00  INFO 28678 --- [nio-8080-exec-8] c.example.library.filter.LoggingFilter   : GET /api/books -> 200 (4 ms)
2026-03-15T20:24:22.367+08:00  INFO 28678 --- [nio-8080-exec-9] c.example.library.filter.LoggingFilter   : GET /api/history -> 200 (5 ms)
2026-03-15T20:24:22.377+08:00  INFO 28678 --- [io-8080-exec-10] c.example.library.filter.LoggingFilter   : GET /api/history -> 200 (7 ms)
2026-03-15T20:24:45.717+08:00 DEBUG 28678 --- [nio-8080-exec-1] c.e.library.controller.BookController    : GET /api/books - page=0 size=5
2026-03-15T20:24:45.725+08:00  INFO 28678 --- [nio-8080-exec-1] c.example.library.filter.LoggingFilter   : GET /api/books -> 200 (9 ms)
2026-03-15T20:24:45.757+08:00 DEBUG 28678 --- [nio-8080-exec-2] c.e.library.controller.BookController    : GET /api/books - page=0 size=5
2026-03-15T20:24:45.760+08:00  INFO 28678 --- [nio-8080-exec-2] c.example.library.filter.LoggingFilter   : GET /api/books -> 200 (5 ms)
2026-03-15T20:24:48.820+08:00  INFO 28678 --- [nio-8080-exec-3] c.example.library.filter.LoggingFilter   : GET /api/history -> 200 (4 ms)
2026-03-15T20:24:48.827+08:00  INFO 28678 --- [nio-8080-exec-4] c.example.library.filter.LoggingFilter   : GET /api/history -> 200 (4 ms)
2026-03-15T20:26:49.176+08:00  INFO 28678 --- [nio-8080-exec-5] c.example.library.filter.LoggingFilter   : GET /api/history -> 200 (5 ms)
2026-03-15T20:26:50.666+08:00  INFO 28678 --- [nio-8080-exec-6] c.example.library.filter.LoggingFilter   : GET /api/history -> 200 (11 ms)
2026-03-15T20:59:22.410+08:00  INFO 28678 --- [ionShutdownHook] j.LocalContainerEntityManagerFactoryBean : Closing JPA EntityManagerFactory for persistence unit 'default'
2026-03-15T20:59:22.413+08:00  INFO 28678 --- [ionShutdownHook] com.zaxxer.hikari.HikariDataSource       : HikariPool-1 - Shutdown initiated...
2026-03-15T20:59:22.415+08:00  INFO 28678 --- [ionShutdownHook] com.zaxxer.hikari.HikariDataSource       : HikariPool-1 - Shutdown completed.
